============================= test session starts =============================
platform win32 -- Python 3.13.5, pytest-9.0.3, pluggy-1.6.0 -- C:\Users\hongl\AppData\Local\Programs\Python\Python313\python.exe
cachedir: .pytest_cache
rootdir: E:\Development\everything-cli
configfile: pyproject.toml
plugins: anyio-4.13.0
collecting ... collected 72 items

tests/test_api.py::TestResolveSort::test_ascending PASSED                [  1%]
tests/test_api.py::TestResolveSort::test_descending PASSED               [  2%]
tests/test_api.py::TestResolveSort::test_size PASSED                     [  4%]
tests/test_api.py::TestResolveSort::test_modified PASSED                 [  5%]
tests/test_api.py::TestResolveSort::test_all_valid_names PASSED          [  6%]
tests/test_api.py::TestResolveSort::test_invalid_sort_raises PASSED      [  8%]
tests/test_api.py::TestResolveSort::test_invalid_sort_lists_valid PASSED [  9%]
tests/test_api.py::TestEverythingClass::test_search_returns_cursor PASSED [ 11%]
tests/test_api.py::TestEverythingClass::test_search_cursor_yields_rows PASSED [ 12%]
tests/test_api.py::TestEverythingClass::test_count_returns_int PASSED    [ 13%]
tests/test_api.py::TestEverythingClass::test_count_passes_flags PASSED   [ 15%]
tests/test_api.py::TestEverythingClass::test_search_with_limit_and_offset PASSED [ 16%]
tests/test_api.py::TestEverythingClass::test_search_sort_descending PASSED [ 18%]
tests/test_api.py::TestEverythingClass::test_search_invalid_sort_raises PASSED [ 19%]
tests/test_api.py::TestEverythingClass::test_version_property PASSED     [ 20%]
tests/test_api.py::TestEverythingClass::test_info_property PASSED        [ 22%]
tests/test_api.py::TestEverythingClass::test_instance_name_property PASSED [ 23%]
tests/test_api.py::TestEverythingClass::test_repr PASSED                 [ 25%]
tests/test_api.py::TestModuleFunctions::test_search_creates_instance_and_delegates PASSED [ 26%]
tests/test_api.py::TestModuleFunctions::test_search_passes_instance PASSED [ 27%]
tests/test_api.py::TestModuleFunctions::test_count_creates_instance_and_delegates PASSED [ 29%]
tests/test_api.py::TestModuleFunctions::test_count_passes_flags PASSED   [ 30%]
tests/test_api.py::TestErrorHandling::test_everything_error_is_importable PASSED [ 31%]
tests/test_api.py::TestErrorHandling::test_everything_error_is_not_running_flag PASSED [ 33%]
tests/test_api.py::TestErrorHandling::test_everything_error_default_flag PASSED [ 34%]
tests/test_api.py::TestExports::test_all_public_symbols_importable PASSED [ 36%]
tests/test_api.py::TestExports::test_all_matches_exports PASSED          [ 37%]
tests/test_cursor.py::TestCursorMetadata::test_total PASSED              [ 38%]
tests/test_cursor.py::TestCursorMetadata::test_count PASSED              [ 40%]
tests/test_cursor.py::TestCursorMetadata::test_len PASSED                [ 41%]
tests/test_cursor.py::TestCursorMetadata::test_repr_open PASSED          [ 43%]
tests/test_cursor.py::TestCursorMetadata::test_repr_exhausted PASSED     [ 44%]
tests/test_cursor.py::TestCursorIteration::test_iter_yields_rows PASSED  [ 45%]
tests/test_cursor.py::TestCursorIteration::test_iter_row_data PASSED     [ 47%]
tests/test_cursor.py::TestCursorIteration::test_iter_exhausted_returns_empty PASSED [ 48%]
tests/test_cursor.py::TestCursorIteration::test_empty_cursor PASSED      [ 50%]
tests/test_cursor.py::TestFetchone::test_returns_row PASSED              [ 51%]
tests/test_cursor.py::TestFetchone::test_sequential_calls PASSED         [ 52%]
tests/test_cursor.py::TestFetchone::test_returns_none_when_exhausted PASSED [ 54%]
tests/test_cursor.py::TestFetchone::test_returns_none_on_empty PASSED    [ 55%]
tests/test_cursor.py::TestFetchone::test_none_after_already_exhausted PASSED [ 56%]
tests/test_cursor.py::TestFetchmany::test_basic PASSED                   [ 58%]
tests/test_cursor.py::TestFetchmany::test_remaining_less_than_size PASSED [ 59%]
tests/test_cursor.py::TestFetchmany::test_returns_empty_when_exhausted PASSED [ 61%]
tests/test_cursor.py::TestFetchmany::test_returns_empty_on_empty_cursor PASSED [ 62%]
tests/test_cursor.py::TestFetchmany::test_all_rows_are_row_instances PASSED [ 63%]
tests/test_cursor.py::TestFetchall::test_returns_all PASSED              [ 65%]
tests/test_cursor.py::TestFetchall::test_returns_remaining_after_partial_read PASSED [ 66%]
tests/test_cursor.py::TestFetchall::test_returns_empty_when_exhausted PASSED [ 68%]
tests/test_cursor.py::TestFetchall::test_returns_empty_on_empty_cursor PASSED [ 69%]
tests/test_cursor.py::TestFetchall::test_all_rows_are_row_instances PASSED [ 70%]
tests/test_cursor.py::TestCursorMixed::test_fetchone_then_iter PASSED    [ 72%]
tests/test_cursor.py::TestCursorMixed::test_fetchmany_then_fetchall PASSED [ 73%]
tests/test_cursor.py::TestCursorMixed::test_fetchone_then_fetchmany_then_fetchall PASSED [ 75%]
tests/test_row.py::TestRowDefaultProperties::test_name PASSED            [ 76%]
tests/test_row.py::TestRowDefaultProperties::test_path PASSED            [ 77%]
tests/test_row.py::TestRowDefaultProperties::test_full_path PASSED       [ 79%]
tests/test_row.py::TestRowOptionalProperties::test_present_fields PASSED [ 80%]
tests/test_row.py::TestRowOptionalProperties::test_missing_fields_return_none PASSED [ 81%]
tests/test_row.py::TestRowDictAccess::test_getitem PASSED                [ 83%]
tests/test_row.py::TestRowDictAccess::test_getitem_missing_raises PASSED [ 84%]
tests/test_row.py::TestRowDictAccess::test_get_with_default PASSED       [ 86%]
tests/test_row.py::TestRowDictAccess::test_get_without_default PASSED    [ 87%]
tests/test_row.py::TestRowDictAccess::test_contains PASSED               [ 88%]
tests/test_row.py::TestRowDictAccess::test_keys PASSED                   [ 90%]
tests/test_row.py::TestRowDictAccess::test_to_dict_returns_backing_data PASSED [ 91%]
tests/test_row.py::TestRowRepr::test_repr PASSED                         [ 93%]
tests/test_row.py::TestRowRepr::test_str_returns_full_path PASSED        [ 94%]
tests/test_row.py::TestRowRepr::test_str_fallback_no_full_path PASSED    [ 95%]
tests/test_row.py::TestRowEquality::test_equal_rows PASSED               [ 97%]
tests/test_row.py::TestRowEquality::test_different_rows PASSED           [ 98%]
tests/test_row.py::TestRowEquality::test_not_equal_to_other_types PASSED [100%]

============================= 72 passed in 0.07s ==============================
